HTTP Request: HEAD https://huggingface.co/api/telemetry/https%3A/api.gradio.app/gradio-initiated-analytics "HTTP/1.1 200 OK"
HTTP Request: HEAD https://huggingface.co/api/telemetry/https%3A/api.gradio.app/gradio-initiated-analytics "HTTP/1.1 200 OK"
HTTP Request: HEAD https://huggingface.co/api/telemetry/https%3A/api.gradio.app/gradio-initiated-analytics "HTTP/1.1 200 OK"
HTTP Request: HEAD https://huggingface.co/api/telemetry/https%3A/api.gradio.app/gradio-initiated-analytics "HTTP/1.1 200 OK"
HTTP Request: GET http://127.0.0.1:7680/gradio_api/startup-events "HTTP/1.1 200 OK"
HTTP Request: HEAD http://127.0.0.1:7680/ "HTTP/1.1 200 OK"
HTTP Request: GET https://api.gradio.app/pkg-version "HTTP/1.1 200 OK"
HTTP Request: GET https://api.gradio.app/pkg-version "HTTP/1.1 200 OK"
HTTP Request: GET https://api.gradio.app/pkg-version "HTTP/1.1 200 OK"
HTTP Request: GET https://api.gradio.app/pkg-version "HTTP/1.1 200 OK"
HTTP Request: GET https://api.gradio.app/v3/tunnel-request "HTTP/1.1 200 OK"
HTTP Request: HEAD https://07593b04ae7bc42795.gradio.live "HTTP/1.1 200 OK"
HTTP Request: HEAD https://huggingface.co/api/telemetry/https%3A/api.gradio.app/gradio-launched-telemetry "HTTP/1.1 200 OK"
{"time": "2026-10-05T01:55:30.869390", "input": "logs/audio/Show me some news about Donald Trump..wav", "output": " Show me some news about Donald Trump.", "latency": "618 ms", "model": "distil-whisper/distil-small.en", "hardware": "local gpu"}
{"time": "2026-10-05T01:55:54.553067", "input": "logs/audio/Show me some shows from Amazon.com.wav", "output": " Show me some shows from Amazon.com", "latency": "120 ms", "model": "distil-whisper/distil-small.en", "hardware": "local gpu"}
{"time": "2026-10-05T01:56:57.494375", "input": "logs/audio/What is the news about Burakamah recently.wav", "output": " What is the news about Burakamah recently?", "latency": "134 ms", "model": "distil-whisper/distil-small.en", "hardware": "local gpu"}
HTTP Request: GET https://huggingface.co/api/models/distil-whisper/distil-small.en "HTTP/1.1 200 OK"
HTTP Request: GET https://huggingface.co/api/models/distil-whisper/distil-small.en/tree/main/additional_chat_templates?recursive=false&expand=false "HTTP/1.1 404 Not Found"
HTTP Request: GET https://huggingface.co/api/models/distil-whisper/distil-small.en/tree/main?recursive=true&expand=false "HTTP/1.1 200 OK"
HTTP Request: HEAD https://huggingface.co/api/telemetry/https%3A/api.gradio.app/gradio-initiated-analytics "HTTP/1.1 200 OK"
HTTP Request: HEAD https://huggingface.co/api/telemetry/https%3A/api.gradio.app/gradio-initiated-analytics "HTTP/1.1 200 OK"
HTTP Request: GET http://127.0.0.1:7680/gradio_api/startup-events "HTTP/1.1 200 OK"
HTTP Request: HEAD http://127.0.0.1:7680/ "HTTP/1.1 200 OK"
HTTP Request: HEAD https://huggingface.co/api/telemetry/https%3A/api.gradio.app/gradio-initiated-analytics "HTTP/1.1 200 OK"
HTTP Request: HEAD https://huggingface.co/api/telemetry/https%3A/api.gradio.app/gradio-initiated-analytics "HTTP/1.1 200 OK"
HTTP Request: GET https://api.gradio.app/pkg-version "HTTP/1.1 200 OK"
HTTP Request: GET https://api.gradio.app/pkg-version "HTTP/1.1 200 OK"
HTTP Request: GET https://api.gradio.app/pkg-version "HTTP/1.1 200 OK"
HTTP Request: GET https://api.gradio.app/pkg-version "HTTP/1.1 200 OK"
HTTP Request: GET https://api.gradio.app/v3/tunnel-request "HTTP/1.1 200 OK"
HTTP Request: HEAD https://5cda3e8e598d488740.gradio.live "HTTP/1.1 200 OK"
HTTP Request: HEAD https://huggingface.co/api/telemetry/https%3A/api.gradio.app/gradio-launched-telemetry "HTTP/1.1 200 OK"
{"time": "2026-10-05T02:00:33.758258", "input": "logs/audio/Show me some t-shirts from Amazon.com.wav", "output": " Show me some t-shirts from Amazon.com", "latency": "604 ms", "model": "distil-whisper/distil-small.en", "hardware": "local gpu"}
{"time": "2026-10-05T02:01:01.968401", "input": "logs/audio/What's up What are the recent news about Donald Trump.wav", "output": " What's up? What are the recent news about Donald Trump?", "latency": "135 ms", "model": "distil-whisper/distil-small.en", "hardware": "local gpu"}
{"time": "2026-10-05T02:01:16.196848", "input": "logs/audio/What's it on Moscow doing this taste.wav", "output": " What's it on Moscow doing this taste?", "latency": "106 ms", "model": "distil-whisper/distil-small.en", "hardware": "local gpu"}
{"time": "2026-10-05T02:01:28.942939", "input": "logs/audio/I am asking about alone Musk these days..wav", "output": " I am asking about alone Musk these days.", "latency": "120 ms", "model": "distil-whisper/distil-small.en", "hardware": "local gpu"}
HTTP Request: GET https://huggingface.co/api/models/distil-whisper/distil-small.en "HTTP/1.1 200 OK"
HTTP Request: GET https://huggingface.co/api/models/distil-whisper/distil-small.en/tree/main/additional_chat_templates?recursive=false&expand=false "HTTP/1.1 404 Not Found"
HTTP Request: GET https://huggingface.co/api/models/distil-whisper/distil-small.en/tree/main?recursive=true&expand=false "HTTP/1.1 200 OK"
HTTP Request: HEAD https://huggingface.co/api/telemetry/https%3A/api.gradio.app/gradio-initiated-analytics "HTTP/1.1 200 OK"
HTTP Request: HEAD https://huggingface.co/api/telemetry/https%3A/api.gradio.app/gradio-initiated-analytics "HTTP/1.1 200 OK"
HTTP Request: HEAD https://huggingface.co/api/telemetry/https%3A/api.gradio.app/gradio-initiated-analytics "HTTP/1.1 200 OK"
HTTP Request: HEAD https://huggingface.co/api/telemetry/https%3A/api.gradio.app/gradio-initiated-analytics "HTTP/1.1 200 OK"
HTTP Request: GET http://127.0.0.1:7680/gradio_api/startup-events "HTTP/1.1 200 OK"
HTTP Request: HEAD http://127.0.0.1:7680/ "HTTP/1.1 200 OK"
HTTP Request: GET https://api.gradio.app/pkg-version "HTTP/1.1 200 OK"
HTTP Request: GET https://api.gradio.app/pkg-version "HTTP/1.1 200 OK"
HTTP Request: GET https://api.gradio.app/pkg-version "HTTP/1.1 200 OK"
HTTP Request: GET https://api.gradio.app/pkg-version "HTTP/1.1 200 OK"
HTTP Request: GET https://api.gradio.app/v3/tunnel-request "HTTP/1.1 200 OK"
HTTP Request: HEAD https://3f7f7f6e89322b5f8e.gradio.live "HTTP/1.1 200 OK"
HTTP Request: HEAD https://huggingface.co/api/telemetry/https%3A/api.gradio.app/gradio-launched-telemetry "HTTP/1.1 200 OK"
{"time": "2026-10-05T02:26:22.887077", "input": "logs/audio/Well tell me some news about Tom Cruise..wav", "output": " Well tell me some news about Tom Cruise.", "latency": "629 ms", "model": "distil-whisper/distil-small.en", "hardware": "local gpu"}
{"time": "2026-10-05T02:26:44.373939", "input": "logs/audio/What's up with Trump these days.wav", "output": " What's up with Trump these days?", "latency": "119 ms", "model": "distil-whisper/distil-small.en", "hardware": "local gpu"}
{"time": "2026-10-05T02:27:09.055247", "input": "logs/audio/What's up with Trump these days 2.wav", "output": " What's up with Trump these days?", "latency": "109 ms", "model": "distil-whisper/distil-small.en", "hardware": "local gpu"}
HTTP Request: GET https://huggingface.co/api/models/distil-whisper/distil-small.en "HTTP/1.1 200 OK"
HTTP Request: GET https://huggingface.co/api/models/distil-whisper/distil-small.en/tree/main/additional_chat_templates?recursive=false&expand=false "HTTP/1.1 404 Not Found"
HTTP Request: GET https://huggingface.co/api/models/distil-whisper/distil-small.en/tree/main?recursive=true&expand=false "HTTP/1.1 200 OK"
HTTP Request: HEAD https://huggingface.co/sentence-transformers/all-MiniLM-L6-v2/resolve/main/modules.json "HTTP/1.1 307 Temporary Redirect"
Warning: You are sending unauthenticated requests to the HF Hub. Please set a HF_TOKEN to enable higher rate limits and faster downloads.
HTTP Request: HEAD https://huggingface.co/api/resolve-cache/models/sentence-transformers/all-MiniLM-L6-v2/1110a243fdf4706b3f48f1d95db1a4f5529b4d41/modules.json?%2Fsentence-transformers%2Fall-MiniLM-L6-v2%2Fresolve%2Fmain%2Fmodules.json=&etag=%22952a9b81c0bfd99800fabf352f69c7ccd46c5e43%22 "HTTP/1.1 200 OK"
HTTP Request: GET https://huggingface.co/api/resolve-cache/models/sentence-transformers/all-MiniLM-L6-v2/1110a243fdf4706b3f48f1d95db1a4f5529b4d41/modules.json?%2Fsentence-transformers%2Fall-MiniLM-L6-v2%2Fresolve%2Fmain%2Fmodules.json=&etag=%22952a9b81c0bfd99800fabf352f69c7ccd46c5e43%22 "HTTP/1.1 200 OK"
HTTP Request: HEAD https://huggingface.co/sentence-transformers/all-MiniLM-L6-v2/resolve/main/config_sentence_transformers.json "HTTP/1.1 307 Temporary Redirect"
HTTP Request: HEAD https://huggingface.co/api/resolve-cache/models/sentence-transformers/all-MiniLM-L6-v2/1110a243fdf4706b3f48f1d95db1a4f5529b4d41/config_sentence_transformers.json?%2Fsentence-transformers%2Fall-MiniLM-L6-v2%2Fresolve%2Fmain%2Fconfig_sentence_transformers.json=&etag=%22fd1b291129c607e5d49799f87cb219b27f98acdf%22 "HTTP/1.1 200 OK"
HTTP Request: GET https://huggingface.co/api/resolve-cache/models/sentence-transformers/all-MiniLM-L6-v2/1110a243fdf4706b3f48f1d95db1a4f5529b4d41/config_sentence_transformers.json?%2Fsentence-transformers%2Fall-MiniLM-L6-v2%2Fresolve%2Fmain%2Fconfig_sentence_transformers.json=&etag=%22fd1b291129c607e5d49799f87cb219b27f98acdf%22 "HTTP/1.1 200 OK"
Loading SentenceTransformer model from sentence-transformers/all-MiniLM-L6-v2.
HTTP Request: HEAD https://huggingface.co/sentence-transformers/all-MiniLM-L6-v2/resolve/main/config_sentence_transformers.json "HTTP/1.1 307 Temporary Redirect"
HTTP Request: HEAD https://huggingface.co/api/resolve-cache/models/sentence-transformers/all-MiniLM-L6-v2/1110a243fdf4706b3f48f1d95db1a4f5529b4d41/config_sentence_transformers.json?%2Fsentence-transformers%2Fall-MiniLM-L6-v2%2Fresolve%2Fmain%2Fconfig_sentence_transformers.json=&etag=%22fd1b291129c607e5d49799f87cb219b27f98acdf%22 "HTTP/1.1 200 OK"
HTTP Request: HEAD https://huggingface.co/sentence-transformers/all-MiniLM-L6-v2/resolve/main/README.md "HTTP/1.1 307 Temporary Redirect"
HTTP Request: HEAD https://huggingface.co/api/resolve-cache/models/sentence-transformers/all-MiniLM-L6-v2/1110a243fdf4706b3f48f1d95db1a4f5529b4d41/README.md?%2Fsentence-transformers%2Fall-MiniLM-L6-v2%2Fresolve%2Fmain%2FREADME.md=&etag=%2244af2e3b0fa3a0b6239e48422972bf755f28fde0%22 "HTTP/1.1 200 OK"
HTTP Request: GET https://huggingface.co/api/resolve-cache/models/sentence-transformers/all-MiniLM-L6-v2/1110a243fdf4706b3f48f1d95db1a4f5529b4d41/README.md?%2Fsentence-transformers%2Fall-MiniLM-L6-v2%2Fresolve%2Fmain%2FREADME.md=&etag=%2244af2e3b0fa3a0b6239e48422972bf755f28fde0%22 "HTTP/1.1 200 OK"
HTTP Request: HEAD https://huggingface.co/sentence-transformers/all-MiniLM-L6-v2/resolve/main/modules.json "HTTP/1.1 307 Temporary Redirect"
HTTP Request: HEAD https://huggingface.co/api/resolve-cache/models/sentence-transformers/all-MiniLM-L6-v2/1110a243fdf4706b3f48f1d95db1a4f5529b4d41/modules.json?%2Fsentence-transformers%2Fall-MiniLM-L6-v2%2Fresolve%2Fmain%2Fmodules.json=&etag=%22952a9b81c0bfd99800fabf352f69c7ccd46c5e43%22 "HTTP/1.1 200 OK"
HTTP Request: HEAD https://huggingface.co/sentence-transformers/all-MiniLM-L6-v2/resolve/main/sentence_bert_config.json "HTTP/1.1 307 Temporary Redirect"
HTTP Request: HEAD https://huggingface.co/api/resolve-cache/models/sentence-transformers/all-MiniLM-L6-v2/1110a243fdf4706b3f48f1d95db1a4f5529b4d41/sentence_bert_config.json?%2Fsentence-transformers%2Fall-MiniLM-L6-v2%2Fresolve%2Fmain%2Fsentence_bert_config.json=&etag=%2259d594003bf59880a884c574bf88ef7555bb0202%22 "HTTP/1.1 200 OK"
HTTP Request: GET https://huggingface.co/api/resolve-cache/models/sentence-transformers/all-MiniLM-L6-v2/1110a243fdf4706b3f48f1d95db1a4f5529b4d41/sentence_bert_config.json?%2Fsentence-transformers%2Fall-MiniLM-L6-v2%2Fresolve%2Fmain%2Fsentence_bert_config.json=&etag=%2259d594003bf59880a884c574bf88ef7555bb0202%22 "HTTP/1.1 200 OK"
HTTP Request: HEAD https://huggingface.co/sentence-transformers/all-MiniLM-L6-v2/resolve/main/adapter_config.json "HTTP/1.1 404 Not Found"
HTTP Request: GET https://huggingface.co/api/models/sentence-transformers/all-MiniLM-L6-v2 "HTTP/1.1 200 OK"
HTTP Request: HEAD https://huggingface.co/sentence-transformers/all-MiniLM-L6-v2/resolve/1110a243fdf4706b3f48f1d95db1a4f5529b4d41/config.json "HTTP/1.1 307 Temporary Redirect"
HTTP Request: HEAD https://huggingface.co/api/resolve-cache/models/sentence-transformers/all-MiniLM-L6-v2/1110a243fdf4706b3f48f1d95db1a4f5529b4d41/config.json?%2Fsentence-transformers%2Fall-MiniLM-L6-v2%2Fresolve%2F1110a243fdf4706b3f48f1d95db1a4f5529b4d41%2Fconfig.json=&etag=%2272b987fd805cfa2b58c4c8c952b274a11bfd5a00%22 "HTTP/1.1 200 OK"
HTTP Request: GET https://huggingface.co/api/resolve-cache/models/sentence-transformers/all-MiniLM-L6-v2/1110a243fdf4706b3f48f1d95db1a4f5529b4d41/config.json?%2Fsentence-transformers%2Fall-MiniLM-L6-v2%2Fresolve%2F1110a243fdf4706b3f48f1d95db1a4f5529b4d41%2Fconfig.json=&etag=%2272b987fd805cfa2b58c4c8c952b274a11bfd5a00%22 "HTTP/1.1 200 OK"
HTTP Request: GET https://huggingface.co/api/models/sentence-transformers/all-MiniLM-L6-v2 "HTTP/1.1 200 OK"
HTTP Request: HEAD https://huggingface.co/sentence-transformers/all-MiniLM-L6-v2/resolve/1110a243fdf4706b3f48f1d95db1a4f5529b4d41/model.safetensors "HTTP/1.1 302 Found"
HTTP Request: GET https://huggingface.co/api/models/sentence-transformers/all-MiniLM-L6-v2/xet-read-token/1110a243fdf4706b3f48f1d95db1a4f5529b4d41 "HTTP/1.1 200 OK"
HTTP Request: GET https://huggingface.co/api/models/sentence-transformers/all-MiniLM-L6-v2 "HTTP/1.1 200 OK"
HTTP Request: HEAD https://huggingface.co/sentence-transformers/all-MiniLM-L6-v2/resolve/1110a243fdf4706b3f48f1d95db1a4f5529b4d41/processor_config.json "HTTP/1.1 404 Not Found"
HTTP Request: HEAD https://huggingface.co/sentence-transformers/all-MiniLM-L6-v2/resolve/1110a243fdf4706b3f48f1d95db1a4f5529b4d41/preprocessor_config.json "HTTP/1.1 404 Not Found"
HTTP Request: HEAD https://huggingface.co/sentence-transformers/all-MiniLM-L6-v2/resolve/1110a243fdf4706b3f48f1d95db1a4f5529b4d41/video_preprocessor_config.json "HTTP/1.1 404 Not Found"
HTTP Request: HEAD https://huggingface.co/sentence-transformers/all-MiniLM-L6-v2/resolve/1110a243fdf4706b3f48f1d95db1a4f5529b4d41/tokenizer_config.json "HTTP/1.1 307 Temporary Redirect"
HTTP Request: HEAD https://huggingface.co/api/resolve-cache/models/sentence-transformers/all-MiniLM-L6-v2/1110a243fdf4706b3f48f1d95db1a4f5529b4d41/tokenizer_config.json?%2Fsentence-transformers%2Fall-MiniLM-L6-v2%2Fresolve%2F1110a243fdf4706b3f48f1d95db1a4f5529b4d41%2Ftokenizer_config.json=&etag=%22c79f2b6a0cea6f4b564fed1938984bace9d30ff0%22 "HTTP/1.1 200 OK"
HTTP Request: GET https://huggingface.co/api/resolve-cache/models/sentence-transformers/all-MiniLM-L6-v2/1110a243fdf4706b3f48f1d95db1a4f5529b4d41/tokenizer_config.json?%2Fsentence-transformers%2Fall-MiniLM-L6-v2%2Fresolve%2F1110a243fdf4706b3f48f1d95db1a4f5529b4d41%2Ftokenizer_config.json=&etag=%22c79f2b6a0cea6f4b564fed1938984bace9d30ff0%22 "HTTP/1.1 200 OK"
HTTP Request: GET https://huggingface.co/api/models/sentence-transformers/all-MiniLM-L6-v2/tree/main/additional_chat_templates?recursive=false&expand=false "HTTP/1.1 404 Not Found"
HTTP Request: GET https://huggingface.co/api/models/sentence-transformers/all-MiniLM-L6-v2/tree/main?recursive=true&expand=false "HTTP/1.1 200 OK"
HTTP Request: HEAD https://huggingface.co/sentence-transformers/all-MiniLM-L6-v2/resolve/1110a243fdf4706b3f48f1d95db1a4f5529b4d41/vocab.txt "HTTP/1.1 307 Temporary Redirect"
HTTP Request: HEAD https://huggingface.co/api/resolve-cache/models/sentence-transformers/all-MiniLM-L6-v2/1110a243fdf4706b3f48f1d95db1a4f5529b4d41/vocab.txt?%2Fsentence-transformers%2Fall-MiniLM-L6-v2%2Fresolve%2F1110a243fdf4706b3f48f1d95db1a4f5529b4d41%2Fvocab.txt=&etag=%22fb140275c155a9c7c5a3b3e0e77a9e839594a938%22 "HTTP/1.1 200 OK"
HTTP Request: GET https://huggingface.co/api/resolve-cache/models/sentence-transformers/all-MiniLM-L6-v2/1110a243fdf4706b3f48f1d95db1a4f5529b4d41/vocab.txt?%2Fsentence-transformers%2Fall-MiniLM-L6-v2%2Fresolve%2F1110a243fdf4706b3f48f1d95db1a4f5529b4d41%2Fvocab.txt=&etag=%22fb140275c155a9c7c5a3b3e0e77a9e839594a938%22 "HTTP/1.1 200 OK"
HTTP Request: HEAD https://huggingface.co/sentence-transformers/all-MiniLM-L6-v2/resolve/1110a243fdf4706b3f48f1d95db1a4f5529b4d41/tokenizer.json "HTTP/1.1 307 Temporary Redirect"
HTTP Request: HEAD https://huggingface.co/api/resolve-cache/models/sentence-transformers/all-MiniLM-L6-v2/1110a243fdf4706b3f48f1d95db1a4f5529b4d41/tokenizer.json?%2Fsentence-transformers%2Fall-MiniLM-L6-v2%2Fresolve%2F1110a243fdf4706b3f48f1d95db1a4f5529b4d41%2Ftokenizer.json=&etag=%22cb202bfe2e3c98645018a6d12f182a434c9d3e02%22 "HTTP/1.1 200 OK"
HTTP Request: GET https://huggingface.co/api/resolve-cache/models/sentence-transformers/all-MiniLM-L6-v2/1110a243fdf4706b3f48f1d95db1a4f5529b4d41/tokenizer.json?%2Fsentence-transformers%2Fall-MiniLM-L6-v2%2Fresolve%2F1110a243fdf4706b3f48f1d95db1a4f5529b4d41%2Ftokenizer.json=&etag=%22cb202bfe2e3c98645018a6d12f182a434c9d3e02%22 "HTTP/1.1 200 OK"
HTTP Request: HEAD https://huggingface.co/sentence-transformers/all-MiniLM-L6-v2/resolve/1110a243fdf4706b3f48f1d95db1a4f5529b4d41/added_tokens.json "HTTP/1.1 404 Not Found"
HTTP Request: HEAD https://huggingface.co/sentence-transformers/all-MiniLM-L6-v2/resolve/1110a243fdf4706b3f48f1d95db1a4f5529b4d41/special_tokens_map.json "HTTP/1.1 307 Temporary Redirect"
HTTP Request: HEAD https://huggingface.co/api/resolve-cache/models/sentence-transformers/all-MiniLM-L6-v2/1110a243fdf4706b3f48f1d95db1a4f5529b4d41/special_tokens_map.json?%2Fsentence-transformers%2Fall-MiniLM-L6-v2%2Fresolve%2F1110a243fdf4706b3f48f1d95db1a4f5529b4d41%2Fspecial_tokens_map.json=&etag=%22e7b0375001f109a6b8873d756ad4f7bbb15fbaa5%22 "HTTP/1.1 200 OK"
HTTP Request: GET https://huggingface.co/api/resolve-cache/models/sentence-transformers/all-MiniLM-L6-v2/1110a243fdf4706b3f48f1d95db1a4f5529b4d41/special_tokens_map.json?%2Fsentence-transformers%2Fall-MiniLM-L6-v2%2Fresolve%2F1110a243fdf4706b3f48f1d95db1a4f5529b4d41%2Fspecial_tokens_map.json=&etag=%22e7b0375001f109a6b8873d756ad4f7bbb15fbaa5%22 "HTTP/1.1 200 OK"
HTTP Request: HEAD https://huggingface.co/sentence-transformers/all-MiniLM-L6-v2/resolve/1110a243fdf4706b3f48f1d95db1a4f5529b4d41/chat_template.jinja "HTTP/1.1 404 Not Found"
HTTP Request: HEAD https://huggingface.co/sentence-transformers/all-MiniLM-L6-v2/resolve/main/1_Pooling/config.json "HTTP/1.1 307 Temporary Redirect"
HTTP Request: HEAD https://huggingface.co/api/resolve-cache/models/sentence-transformers/all-MiniLM-L6-v2/1110a243fdf4706b3f48f1d95db1a4f5529b4d41/1_Pooling%2Fconfig.json?%2Fsentence-transformers%2Fall-MiniLM-L6-v2%2Fresolve%2Fmain%2F1_Pooling%2Fconfig.json=&etag=%22d1514c3162bbe87b343f565fadc62e6c06f04f03%22 "HTTP/1.1 200 OK"
HTTP Request: GET https://huggingface.co/api/resolve-cache/models/sentence-transformers/all-MiniLM-L6-v2/1110a243fdf4706b3f48f1d95db1a4f5529b4d41/1_Pooling%2Fconfig.json?%2Fsentence-transformers%2Fall-MiniLM-L6-v2%2Fresolve%2Fmain%2F1_Pooling%2Fconfig.json=&etag=%22d1514c3162bbe87b343f565fadc62e6c06f04f03%22 "HTTP/1.1 200 OK"
HTTP Request: HEAD https://huggingface.co/sentence-transformers/all-MiniLM-L6-v2/resolve/main/2_Normalize/config.json "HTTP/1.1 404 Not Found"
HTTP Request: GET https://huggingface.co/api/models/sentence-transformers/all-MiniLM-L6-v2 "HTTP/1.1 200 OK"
HTTP Request: HEAD https://huggingface.co/sentence-transformers/all-MiniLM-L6-v2/resolve/main/modules.json "HTTP/1.1 307 Temporary Redirect"
HTTP Request: HEAD https://huggingface.co/api/resolve-cache/models/sentence-transformers/all-MiniLM-L6-v2/1110a243fdf4706b3f48f1d95db1a4f5529b4d41/modules.json?%2Fsentence-transformers%2Fall-MiniLM-L6-v2%2Fresolve%2Fmain%2Fmodules.json=&etag=%22952a9b81c0bfd99800fabf352f69c7ccd46c5e43%22 "HTTP/1.1 200 OK"
HTTP Request: HEAD https://huggingface.co/sentence-transformers/all-MiniLM-L6-v2/resolve/main/config_sentence_transformers.json "HTTP/1.1 307 Temporary Redirect"
HTTP Request: HEAD https://huggingface.co/api/resolve-cache/models/sentence-transformers/all-MiniLM-L6-v2/1110a243fdf4706b3f48f1d95db1a4f5529b4d41/config_sentence_transformers.json?%2Fsentence-transformers%2Fall-MiniLM-L6-v2%2Fresolve%2Fmain%2Fconfig_sentence_transformers.json=&etag=%22fd1b291129c607e5d49799f87cb219b27f98acdf%22 "HTTP/1.1 200 OK"
Loading SentenceTransformer model from sentence-transformers/all-MiniLM-L6-v2.
HTTP Request: HEAD https://huggingface.co/sentence-transformers/all-MiniLM-L6-v2/resolve/main/config_sentence_transformers.json "HTTP/1.1 307 Temporary Redirect"
HTTP Request: HEAD https://huggingface.co/api/resolve-cache/models/sentence-transformers/all-MiniLM-L6-v2/1110a243fdf4706b3f48f1d95db1a4f5529b4d41/config_sentence_transformers.json?%2Fsentence-transformers%2Fall-MiniLM-L6-v2%2Fresolve%2Fmain%2Fconfig_sentence_transformers.json=&etag=%22fd1b291129c607e5d49799f87cb219b27f98acdf%22 "HTTP/1.1 200 OK"
HTTP Request: HEAD https://huggingface.co/sentence-transformers/all-MiniLM-L6-v2/resolve/main/README.md "HTTP/1.1 307 Temporary Redirect"
HTTP Request: HEAD https://huggingface.co/api/resolve-cache/models/sentence-transformers/all-MiniLM-L6-v2/1110a243fdf4706b3f48f1d95db1a4f5529b4d41/README.md?%2Fsentence-transformers%2Fall-MiniLM-L6-v2%2Fresolve%2Fmain%2FREADME.md=&etag=%2244af2e3b0fa3a0b6239e48422972bf755f28fde0%22 "HTTP/1.1 200 OK"
HTTP Request: HEAD https://huggingface.co/sentence-transformers/all-MiniLM-L6-v2/resolve/main/modules.json "HTTP/1.1 307 Temporary Redirect"
HTTP Request: HEAD https://huggingface.co/api/resolve-cache/models/sentence-transformers/all-MiniLM-L6-v2/1110a243fdf4706b3f48f1d95db1a4f5529b4d41/modules.json?%2Fsentence-transformers%2Fall-MiniLM-L6-v2%2Fresolve%2Fmain%2Fmodules.json=&etag=%22952a9b81c0bfd99800fabf352f69c7ccd46c5e43%22 "HTTP/1.1 200 OK"
HTTP Request: HEAD https://huggingface.co/sentence-transformers/all-MiniLM-L6-v2/resolve/main/sentence_bert_config.json "HTTP/1.1 307 Temporary Redirect"
HTTP Request: HEAD https://huggingface.co/api/resolve-cache/models/sentence-transformers/all-MiniLM-L6-v2/1110a243fdf4706b3f48f1d95db1a4f5529b4d41/sentence_bert_config.json?%2Fsentence-transformers%2Fall-MiniLM-L6-v2%2Fresolve%2Fmain%2Fsentence_bert_config.json=&etag=%2259d594003bf59880a884c574bf88ef7555bb0202%22 "HTTP/1.1 200 OK"
HTTP Request: HEAD https://huggingface.co/sentence-transformers/all-MiniLM-L6-v2/resolve/main/adapter_config.json "HTTP/1.1 404 Not Found"
HTTP Request: GET https://huggingface.co/api/models/sentence-transformers/all-MiniLM-L6-v2 "HTTP/1.1 200 OK"
HTTP Request: GET https://huggingface.co/api/models/sentence-transformers/all-MiniLM-L6-v2 "HTTP/1.1 200 OK"
HTTP Request: HEAD https://huggingface.co/sentence-transformers/all-MiniLM-L6-v2/resolve/1110a243fdf4706b3f48f1d95db1a4f5529b4d41/model.safetensors "HTTP/1.1 302 Found"
HTTP Request: GET https://huggingface.co/api/models/sentence-transformers/all-MiniLM-L6-v2 "HTTP/1.1 200 OK"
HTTP Request: GET https://huggingface.co/api/models/sentence-transformers/all-MiniLM-L6-v2/tree/main/additional_chat_templates?recursive=false&expand=false "HTTP/1.1 404 Not Found"
HTTP Request: GET https://huggingface.co/api/models/sentence-transformers/all-MiniLM-L6-v2/tree/main?recursive=true&expand=false "HTTP/1.1 200 OK"
HTTP Request: HEAD https://huggingface.co/sentence-transformers/all-MiniLM-L6-v2/resolve/main/1_Pooling/config.json "HTTP/1.1 307 Temporary Redirect"
HTTP Request: HEAD https://huggingface.co/api/resolve-cache/models/sentence-transformers/all-MiniLM-L6-v2/1110a243fdf4706b3f48f1d95db1a4f5529b4d41/1_Pooling%2Fconfig.json?%2Fsentence-transformers%2Fall-MiniLM-L6-v2%2Fresolve%2Fmain%2F1_Pooling%2Fconfig.json=&etag=%22d1514c3162bbe87b343f565fadc62e6c06f04f03%22 "HTTP/1.1 200 OK"
HTTP Request: HEAD https://huggingface.co/sentence-transformers/all-MiniLM-L6-v2/resolve/main/2_Normalize/config.json "HTTP/1.1 404 Not Found"
HTTP Request: GET https://huggingface.co/api/models/sentence-transformers/all-MiniLM-L6-v2 "HTTP/1.1 200 OK"
HTTP Request: GET https://huggingface.co/api/models/distil-whisper/distil-small.en "HTTP/1.1 200 OK"
HTTP Request: GET https://huggingface.co/api/models/distil-whisper/distil-small.en/tree/main/additional_chat_templates?recursive=false&expand=false "HTTP/1.1 404 Not Found"
HTTP Request: GET https://huggingface.co/api/models/distil-whisper/distil-small.en/tree/main?recursive=true&expand=false "HTTP/1.1 200 OK"
HTTP Request: HEAD https://huggingface.co/sentence-transformers/all-MiniLM-L6-v2/resolve/main/modules.json "HTTP/1.1 307 Temporary Redirect"
HTTP Request: HEAD https://huggingface.co/api/resolve-cache/models/sentence-transformers/all-MiniLM-L6-v2/1110a243fdf4706b3f48f1d95db1a4f5529b4d41/modules.json?%2Fsentence-transformers%2Fall-MiniLM-L6-v2%2Fresolve%2Fmain%2Fmodules.json=&etag=%22952a9b81c0bfd99800fabf352f69c7ccd46c5e43%22 "HTTP/1.1 200 OK"
HTTP Request: HEAD https://huggingface.co/sentence-transformers/all-MiniLM-L6-v2/resolve/main/config_sentence_transformers.json "HTTP/1.1 307 Temporary Redirect"
HTTP Request: HEAD https://huggingface.co/api/resolve-cache/models/sentence-transformers/all-MiniLM-L6-v2/1110a243fdf4706b3f48f1d95db1a4f5529b4d41/config_sentence_transformers.json?%2Fsentence-transformers%2Fall-MiniLM-L6-v2%2Fresolve%2Fmain%2Fconfig_sentence_transformers.json=&etag=%22fd1b291129c607e5d49799f87cb219b27f98acdf%22 "HTTP/1.1 200 OK"
Loading SentenceTransformer model from sentence-transformers/all-MiniLM-L6-v2.
HTTP Request: HEAD https://huggingface.co/sentence-transformers/all-MiniLM-L6-v2/resolve/main/config_sentence_transformers.json "HTTP/1.1 307 Temporary Redirect"
Warning: You are sending unauthenticated requests to the HF Hub. Please set a HF_TOKEN to enable higher rate limits and faster downloads.
HTTP Request: HEAD https://huggingface.co/api/resolve-cache/models/sentence-transformers/all-MiniLM-L6-v2/1110a243fdf4706b3f48f1d95db1a4f5529b4d41/config_sentence_transformers.json?%2Fsentence-transformers%2Fall-MiniLM-L6-v2%2Fresolve%2Fmain%2Fconfig_sentence_transformers.json=&etag=%22fd1b291129c607e5d49799f87cb219b27f98acdf%22 "HTTP/1.1 200 OK"
HTTP Request: HEAD https://huggingface.co/sentence-transformers/all-MiniLM-L6-v2/resolve/main/README.md "HTTP/1.1 307 Temporary Redirect"
HTTP Request: HEAD https://huggingface.co/api/resolve-cache/models/sentence-transformers/all-MiniLM-L6-v2/1110a243fdf4706b3f48f1d95db1a4f5529b4d41/README.md?%2Fsentence-transformers%2Fall-MiniLM-L6-v2%2Fresolve%2Fmain%2FREADME.md=&etag=%2244af2e3b0fa3a0b6239e48422972bf755f28fde0%22 "HTTP/1.1 200 OK"
HTTP Request: HEAD https://huggingface.co/sentence-transformers/all-MiniLM-L6-v2/resolve/main/modules.json "HTTP/1.1 307 Temporary Redirect"
HTTP Request: HEAD https://huggingface.co/api/resolve-cache/models/sentence-transformers/all-MiniLM-L6-v2/1110a243fdf4706b3f48f1d95db1a4f5529b4d41/modules.json?%2Fsentence-transformers%2Fall-MiniLM-L6-v2%2Fresolve%2Fmain%2Fmodules.json=&etag=%22952a9b81c0bfd99800fabf352f69c7ccd46c5e43%22 "HTTP/1.1 200 OK"
HTTP Request: HEAD https://huggingface.co/sentence-transformers/all-MiniLM-L6-v2/resolve/main/sentence_bert_config.json "HTTP/1.1 307 Temporary Redirect"
HTTP Request: HEAD https://huggingface.co/api/resolve-cache/models/sentence-transformers/all-MiniLM-L6-v2/1110a243fdf4706b3f48f1d95db1a4f5529b4d41/sentence_bert_config.json?%2Fsentence-transformers%2Fall-MiniLM-L6-v2%2Fresolve%2Fmain%2Fsentence_bert_config.json=&etag=%2259d594003bf59880a884c574bf88ef7555bb0202%22 "HTTP/1.1 200 OK"
HTTP Request: HEAD https://huggingface.co/sentence-transformers/all-MiniLM-L6-v2/resolve/main/adapter_config.json "HTTP/1.1 404 Not Found"
HTTP Request: GET https://huggingface.co/api/models/sentence-transformers/all-MiniLM-L6-v2 "HTTP/1.1 200 OK"
HTTP Request: GET https://huggingface.co/api/models/sentence-transformers/all-MiniLM-L6-v2 "HTTP/1.1 200 OK"
HTTP Request: GET https://huggingface.co/api/models/sentence-transformers/all-MiniLM-L6-v2 "HTTP/1.1 200 OK"
HTTP Request: GET https://huggingface.co/api/models/sentence-transformers/all-MiniLM-L6-v2/tree/main/additional_chat_templates?recursive=false&expand=false "HTTP/1.1 404 Not Found"
HTTP Request: GET https://huggingface.co/api/models/sentence-transformers/all-MiniLM-L6-v2/tree/main?recursive=true&expand=false "HTTP/1.1 200 OK"
HTTP Request: HEAD https://huggingface.co/sentence-transformers/all-MiniLM-L6-v2/resolve/main/1_Pooling/config.json "HTTP/1.1 307 Temporary Redirect"
HTTP Request: HEAD https://huggingface.co/api/resolve-cache/models/sentence-transformers/all-MiniLM-L6-v2/1110a243fdf4706b3f48f1d95db1a4f5529b4d41/1_Pooling%2Fconfig.json?%2Fsentence-transformers%2Fall-MiniLM-L6-v2%2Fresolve%2Fmain%2F1_Pooling%2Fconfig.json=&etag=%22d1514c3162bbe87b343f565fadc62e6c06f04f03%22 "HTTP/1.1 200 OK"
HTTP Request: HEAD https://huggingface.co/sentence-transformers/all-MiniLM-L6-v2/resolve/main/2_Normalize/config.json "HTTP/1.1 404 Not Found"
HTTP Request: GET https://huggingface.co/api/models/sentence-transformers/all-MiniLM-L6-v2 "HTTP/1.1 200 OK"
HTTP Request: GET https://huggingface.co/api/models/urchade/gliner_small-v2.1/revision/main "HTTP/1.1 200 OK"
HTTP Request: GET https://huggingface.co/api/models/urchade/gliner_small-v2.1/tree/4e091416cf7c3481db542c2a3d26156916f3a47f?recursive=true&expand=false "HTTP/1.1 200 OK"
HTTP Request: HEAD https://huggingface.co/urchade/gliner_small-v2.1/resolve/4e091416cf7c3481db542c2a3d26156916f3a47f/gliner_config.json "HTTP/1.1 307 Temporary Redirect"
HTTP Request: HEAD https://huggingface.co/urchade/gliner_small-v2.1/resolve/4e091416cf7c3481db542c2a3d26156916f3a47f/.gitattributes "HTTP/1.1 307 Temporary Redirect"
HTTP Request: HEAD https://huggingface.co/urchade/gliner_small-v2.1/resolve/4e091416cf7c3481db542c2a3d26156916f3a47f/README.md "HTTP/1.1 307 Temporary Redirect"
HTTP Request: HEAD https://huggingface.co/urchade/gliner_small-v2.1/resolve/4e091416cf7c3481db542c2a3d26156916f3a47f/pytorch_model.bin "HTTP/1.1 302 Found"
HTTP Request: HEAD https://huggingface.co/api/resolve-cache/models/urchade/gliner_small-v2.1/4e091416cf7c3481db542c2a3d26156916f3a47f/README.md?%2Furchade%2Fgliner_small-v2.1%2Fresolve%2F4e091416cf7c3481db542c2a3d26156916f3a47f%2FREADME.md=&etag=%2209243e0bf8ee5599b94f3be925a8d9d1ec4b3936%22 "HTTP/1.1 200 OK"
HTTP Request: HEAD https://huggingface.co/api/resolve-cache/models/urchade/gliner_small-v2.1/4e091416cf7c3481db542c2a3d26156916f3a47f/gliner_config.json?%2Furchade%2Fgliner_small-v2.1%2Fresolve%2F4e091416cf7c3481db542c2a3d26156916f3a47f%2Fgliner_config.json=&etag=%2273604af13aafe5722fb9d9edda94b8e9cd417d81%22 "HTTP/1.1 200 OK"
HTTP Request: HEAD https://huggingface.co/api/resolve-cache/models/urchade/gliner_small-v2.1/4e091416cf7c3481db542c2a3d26156916f3a47f/.gitattributes?%2Furchade%2Fgliner_small-v2.1%2Fresolve%2F4e091416cf7c3481db542c2a3d26156916f3a47f%2F.gitattributes=&etag=%22a6344aac8c09253b3b630fb776ae94478aa0275b%22 "HTTP/1.1 200 OK"
HTTP Request: GET https://huggingface.co/api/models/urchade/gliner_small-v2.1/xet-read-token/4e091416cf7c3481db542c2a3d26156916f3a47f "HTTP/1.1 200 OK"
HTTP Request: GET https://huggingface.co/api/resolve-cache/models/urchade/gliner_small-v2.1/4e091416cf7c3481db542c2a3d26156916f3a47f/README.md?%2Furchade%2Fgliner_small-v2.1%2Fresolve%2F4e091416cf7c3481db542c2a3d26156916f3a47f%2FREADME.md=&etag=%2209243e0bf8ee5599b94f3be925a8d9d1ec4b3936%22 "HTTP/1.1 200 OK"
HTTP Request: GET https://huggingface.co/api/resolve-cache/models/urchade/gliner_small-v2.1/4e091416cf7c3481db542c2a3d26156916f3a47f/gliner_config.json?%2Furchade%2Fgliner_small-v2.1%2Fresolve%2F4e091416cf7c3481db542c2a3d26156916f3a47f%2Fgliner_config.json=&etag=%2273604af13aafe5722fb9d9edda94b8e9cd417d81%22 "HTTP/1.1 200 OK"
HTTP Request: GET https://huggingface.co/api/resolve-cache/models/urchade/gliner_small-v2.1/4e091416cf7c3481db542c2a3d26156916f3a47f/.gitattributes?%2Furchade%2Fgliner_small-v2.1%2Fresolve%2F4e091416cf7c3481db542c2a3d26156916f3a47f%2F.gitattributes=&etag=%22a6344aac8c09253b3b630fb776ae94478aa0275b%22 "HTTP/1.1 200 OK"
Loading the following GLiNER type: <class 'gliner.model.UniEncoderSpanGLiNER'>...
HTTP Request: GET https://huggingface.co/api/models/microsoft/deberta-v3-small "HTTP/1.1 200 OK"
HTTP Request: HEAD https://huggingface.co/microsoft/deberta-v3-small/resolve/a36c739020e01763fe789b4b85e2df55d6180012/config.json "HTTP/1.1 307 Temporary Redirect"
HTTP Request: HEAD https://huggingface.co/api/resolve-cache/models/microsoft/deberta-v3-small/a36c739020e01763fe789b4b85e2df55d6180012/config.json?%2Fmicrosoft%2Fdeberta-v3-small%2Fresolve%2Fa36c739020e01763fe789b4b85e2df55d6180012%2Fconfig.json=&etag=%222d87b358d3c6430b530c793f80aaf091c6dac170%22 "HTTP/1.1 200 OK"
HTTP Request: GET https://huggingface.co/api/resolve-cache/models/microsoft/deberta-v3-small/a36c739020e01763fe789b4b85e2df55d6180012/config.json?%2Fmicrosoft%2Fdeberta-v3-small%2Fresolve%2Fa36c739020e01763fe789b4b85e2df55d6180012%2Fconfig.json=&etag=%222d87b358d3c6430b530c793f80aaf091c6dac170%22 "HTTP/1.1 200 OK"
HTTP Request: HEAD https://huggingface.co/microsoft/deberta-v3-small/resolve/a36c739020e01763fe789b4b85e2df55d6180012/tokenizer_config.json "HTTP/1.1 307 Temporary Redirect"
HTTP Request: HEAD https://huggingface.co/api/resolve-cache/models/microsoft/deberta-v3-small/a36c739020e01763fe789b4b85e2df55d6180012/tokenizer_config.json?%2Fmicrosoft%2Fdeberta-v3-small%2Fresolve%2Fa36c739020e01763fe789b4b85e2df55d6180012%2Ftokenizer_config.json=&etag=%22acfd94e399c5659e4bed75f91b4ee24b111fc7a6%22 "HTTP/1.1 200 OK"
HTTP Request: GET https://huggingface.co/api/resolve-cache/models/microsoft/deberta-v3-small/a36c739020e01763fe789b4b85e2df55d6180012/tokenizer_config.json?%2Fmicrosoft%2Fdeberta-v3-small%2Fresolve%2Fa36c739020e01763fe789b4b85e2df55d6180012%2Ftokenizer_config.json=&etag=%22acfd94e399c5659e4bed75f91b4ee24b111fc7a6%22 "HTTP/1.1 200 OK"
HTTP Request: GET https://huggingface.co/api/models/microsoft/deberta-v3-small/tree/main/additional_chat_templates?recursive=false&expand=false "HTTP/1.1 404 Not Found"
HTTP Request: GET https://huggingface.co/api/models/microsoft/deberta-v3-small/tree/main?recursive=true&expand=false "HTTP/1.1 200 OK"
HTTP Request: HEAD https://huggingface.co/microsoft/deberta-v3-small/resolve/a36c739020e01763fe789b4b85e2df55d6180012/spm.model "HTTP/1.1 302 Found"
HTTP Request: GET https://huggingface.co/api/models/microsoft/deberta-v3-small/xet-read-token/a36c739020e01763fe789b4b85e2df55d6180012 "HTTP/1.1 200 OK"
HTTP Request: HEAD https://huggingface.co/microsoft/deberta-v3-small/resolve/a36c739020e01763fe789b4b85e2df55d6180012/tokenizer.json "HTTP/1.1 404 Not Found"
HTTP Request: HEAD https://huggingface.co/microsoft/deberta-v3-small/resolve/a36c739020e01763fe789b4b85e2df55d6180012/added_tokens.json "HTTP/1.1 404 Not Found"
HTTP Request: HEAD https://huggingface.co/microsoft/deberta-v3-small/resolve/a36c739020e01763fe789b4b85e2df55d6180012/special_tokens_map.json "HTTP/1.1 404 Not Found"
HTTP Request: HEAD https://huggingface.co/microsoft/deberta-v3-small/resolve/a36c739020e01763fe789b4b85e2df55d6180012/chat_template.jinja "HTTP/1.1 404 Not Found"
HTTP Request: HEAD https://huggingface.co/distil-whisper/distil-small.en/resolve/main/config.json "HTTP/1.1 307 Temporary Redirect"
Warning: You are sending unauthenticated requests to the HF Hub. Please set a HF_TOKEN to enable higher rate limits and faster downloads.
HTTP Request: HEAD https://huggingface.co/api/resolve-cache/models/distil-whisper/distil-small.en/9e4a67ca4569c30be43a3fe7fba1621e504f0093/config.json?%2Fdistil-whisper%2Fdistil-small.en%2Fresolve%2Fmain%2Fconfig.json=&etag=%22515a3df5f273c89be144ce85aea02a73ac8867ca%22 "HTTP/1.1 200 OK"
HTTP Request: HEAD https://huggingface.co/distil-whisper/distil-small.en/resolve/main/generation_config.json "HTTP/1.1 307 Temporary Redirect"
HTTP Request: HEAD https://huggingface.co/api/resolve-cache/models/distil-whisper/distil-small.en/9e4a67ca4569c30be43a3fe7fba1621e504f0093/generation_config.json?%2Fdistil-whisper%2Fdistil-small.en%2Fresolve%2Fmain%2Fgeneration_config.json=&etag=%22f144e2deb25fb8c4597256428fdff70a1f5ee840%22 "HTTP/1.1 200 OK"
HTTP Request: GET https://huggingface.co/api/models/distil-whisper/distil-small.en/tree/main/additional_chat_templates?recursive=false&expand=false "HTTP/1.1 404 Not Found"
HTTP Request: GET https://huggingface.co/api/models/distil-whisper/distil-small.en/tree/main?recursive=true&expand=false "HTTP/1.1 200 OK"
HTTP Request: HEAD https://huggingface.co/distil-whisper/distil-small.en/resolve/main/processor_config.json "HTTP/1.1 404 Not Found"
HTTP Request: HEAD https://huggingface.co/distil-whisper/distil-small.en/resolve/main/preprocessor_config.json "HTTP/1.1 307 Temporary Redirect"
HTTP Request: HEAD https://huggingface.co/api/resolve-cache/models/distil-whisper/distil-small.en/9e4a67ca4569c30be43a3fe7fba1621e504f0093/preprocessor_config.json?%2Fdistil-whisper%2Fdistil-small.en%2Fresolve%2Fmain%2Fpreprocessor_config.json=&etag=%2291876762a536a746d268353c5cba57286e76b058%22 "HTTP/1.1 200 OK"
HTTP Request: HEAD https://huggingface.co/distil-whisper/distil-small.en/resolve/main/processor_config.json "HTTP/1.1 404 Not Found"
HTTP Request: HEAD https://huggingface.co/distil-whisper/distil-small.en/resolve/main/preprocessor_config.json "HTTP/1.1 307 Temporary Redirect"
HTTP Request: HEAD https://huggingface.co/api/resolve-cache/models/distil-whisper/distil-small.en/9e4a67ca4569c30be43a3fe7fba1621e504f0093/preprocessor_config.json?%2Fdistil-whisper%2Fdistil-small.en%2Fresolve%2Fmain%2Fpreprocessor_config.json=&etag=%2291876762a536a746d268353c5cba57286e76b058%22 "HTTP/1.1 200 OK"
HTTP Request: HEAD https://huggingface.co/distil-whisper/distil-small.en/resolve/main/processor_config.json "HTTP/1.1 404 Not Found"
HTTP Request: HEAD https://huggingface.co/distil-whisper/distil-small.en/resolve/main/preprocessor_config.json "HTTP/1.1 307 Temporary Redirect"
HTTP Request: HEAD https://huggingface.co/api/resolve-cache/models/distil-whisper/distil-small.en/9e4a67ca4569c30be43a3fe7fba1621e504f0093/preprocessor_config.json?%2Fdistil-whisper%2Fdistil-small.en%2Fresolve%2Fmain%2Fpreprocessor_config.json=&etag=%2291876762a536a746d268353c5cba57286e76b058%22 "HTTP/1.1 200 OK"
HTTP Request: HEAD https://huggingface.co/distil-whisper/distil-small.en/resolve/main/processor_config.json "HTTP/1.1 404 Not Found"
HTTP Request: HEAD https://huggingface.co/distil-whisper/distil-small.en/resolve/main/video_preprocessor_config.json "HTTP/1.1 404 Not Found"
HTTP Request: HEAD https://huggingface.co/distil-whisper/distil-small.en/resolve/main/preprocessor_config.json "HTTP/1.1 307 Temporary Redirect"
HTTP Request: HEAD https://huggingface.co/api/resolve-cache/models/distil-whisper/distil-small.en/9e4a67ca4569c30be43a3fe7fba1621e504f0093/preprocessor_config.json?%2Fdistil-whisper%2Fdistil-small.en%2Fresolve%2Fmain%2Fpreprocessor_config.json=&etag=%2291876762a536a746d268353c5cba57286e76b058%22 "HTTP/1.1 200 OK"
HTTP Request: HEAD https://huggingface.co/sentence-transformers/all-MiniLM-L6-v2/resolve/main/modules.json "HTTP/1.1 307 Temporary Redirect"
HTTP Request: HEAD https://huggingface.co/api/resolve-cache/models/sentence-transformers/all-MiniLM-L6-v2/1110a243fdf4706b3f48f1d95db1a4f5529b4d41/modules.json?%2Fsentence-transformers%2Fall-MiniLM-L6-v2%2Fresolve%2Fmain%2Fmodules.json=&etag=%22952a9b81c0bfd99800fabf352f69c7ccd46c5e43%22 "HTTP/1.1 200 OK"
HTTP Request: HEAD https://huggingface.co/sentence-transformers/all-MiniLM-L6-v2/resolve/main/config_sentence_transformers.json "HTTP/1.1 307 Temporary Redirect"
HTTP Request: HEAD https://huggingface.co/api/resolve-cache/models/sentence-transformers/all-MiniLM-L6-v2/1110a243fdf4706b3f48f1d95db1a4f5529b4d41/config_sentence_transformers.json?%2Fsentence-transformers%2Fall-MiniLM-L6-v2%2Fresolve%2Fmain%2Fconfig_sentence_transformers.json=&etag=%22fd1b291129c607e5d49799f87cb219b27f98acdf%22 "HTTP/1.1 200 OK"
Loading SentenceTransformer model from sentence-transformers/all-MiniLM-L6-v2.
HTTP Request: HEAD https://huggingface.co/sentence-transformers/all-MiniLM-L6-v2/resolve/main/config_sentence_transformers.json "HTTP/1.1 307 Temporary Redirect"
HTTP Request: HEAD https://huggingface.co/api/resolve-cache/models/sentence-transformers/all-MiniLM-L6-v2/1110a243fdf4706b3f48f1d95db1a4f5529b4d41/config_sentence_transformers.json?%2Fsentence-transformers%2Fall-MiniLM-L6-v2%2Fresolve%2Fmain%2Fconfig_sentence_transformers.json=&etag=%22fd1b291129c607e5d49799f87cb219b27f98acdf%22 "HTTP/1.1 200 OK"
HTTP Request: HEAD https://huggingface.co/sentence-transformers/all-MiniLM-L6-v2/resolve/main/README.md "HTTP/1.1 307 Temporary Redirect"
HTTP Request: HEAD https://huggingface.co/api/resolve-cache/models/sentence-transformers/all-MiniLM-L6-v2/1110a243fdf4706b3f48f1d95db1a4f5529b4d41/README.md?%2Fsentence-transformers%2Fall-MiniLM-L6-v2%2Fresolve%2Fmain%2FREADME.md=&etag=%2244af2e3b0fa3a0b6239e48422972bf755f28fde0%22 "HTTP/1.1 200 OK"
HTTP Request: HEAD https://huggingface.co/sentence-transformers/all-MiniLM-L6-v2/resolve/main/modules.json "HTTP/1.1 307 Temporary Redirect"
HTTP Request: HEAD https://huggingface.co/api/resolve-cache/models/sentence-transformers/all-MiniLM-L6-v2/1110a243fdf4706b3f48f1d95db1a4f5529b4d41/modules.json?%2Fsentence-transformers%2Fall-MiniLM-L6-v2%2Fresolve%2Fmain%2Fmodules.json=&etag=%22952a9b81c0bfd99800fabf352f69c7ccd46c5e43%22 "HTTP/1.1 200 OK"
HTTP Request: HEAD https://huggingface.co/sentence-transformers/all-MiniLM-L6-v2/resolve/main/sentence_bert_config.json "HTTP/1.1 307 Temporary Redirect"
HTTP Request: HEAD https://huggingface.co/api/resolve-cache/models/sentence-transformers/all-MiniLM-L6-v2/1110a243fdf4706b3f48f1d95db1a4f5529b4d41/sentence_bert_config.json?%2Fsentence-transformers%2Fall-MiniLM-L6-v2%2Fresolve%2Fmain%2Fsentence_bert_config.json=&etag=%2259d594003bf59880a884c574bf88ef7555bb0202%22 "HTTP/1.1 200 OK"
HTTP Request: HEAD https://huggingface.co/sentence-transformers/all-MiniLM-L6-v2/resolve/main/adapter_config.json "HTTP/1.1 404 Not Found"
HTTP Request: HEAD https://huggingface.co/sentence-transformers/all-MiniLM-L6-v2/resolve/main/config.json "HTTP/1.1 307 Temporary Redirect"
HTTP Request: HEAD https://huggingface.co/api/resolve-cache/models/sentence-transformers/all-MiniLM-L6-v2/1110a243fdf4706b3f48f1d95db1a4f5529b4d41/config.json?%2Fsentence-transformers%2Fall-MiniLM-L6-v2%2Fresolve%2Fmain%2Fconfig.json=&etag=%2272b987fd805cfa2b58c4c8c952b274a11bfd5a00%22 "HTTP/1.1 200 OK"
HTTP Request: HEAD https://huggingface.co/sentence-transformers/all-MiniLM-L6-v2/resolve/main/processor_config.json "HTTP/1.1 404 Not Found"
HTTP Request: HEAD https://huggingface.co/sentence-transformers/all-MiniLM-L6-v2/resolve/main/preprocessor_config.json "HTTP/1.1 404 Not Found"
HTTP Request: HEAD https://huggingface.co/sentence-transformers/all-MiniLM-L6-v2/resolve/main/video_preprocessor_config.json "HTTP/1.1 404 Not Found"
HTTP Request: HEAD https://huggingface.co/sentence-transformers/all-MiniLM-L6-v2/resolve/main/preprocessor_config.json "HTTP/1.1 404 Not Found"
HTTP Request: HEAD https://huggingface.co/sentence-transformers/all-MiniLM-L6-v2/resolve/main/tokenizer_config.json "HTTP/1.1 307 Temporary Redirect"
HTTP Request: HEAD https://huggingface.co/api/resolve-cache/models/sentence-transformers/all-MiniLM-L6-v2/1110a243fdf4706b3f48f1d95db1a4f5529b4d41/tokenizer_config.json?%2Fsentence-transformers%2Fall-MiniLM-L6-v2%2Fresolve%2Fmain%2Ftokenizer_config.json=&etag=%22c79f2b6a0cea6f4b564fed1938984bace9d30ff0%22 "HTTP/1.1 200 OK"
HTTP Request: HEAD https://huggingface.co/sentence-transformers/all-MiniLM-L6-v2/resolve/main/config.json "HTTP/1.1 307 Temporary Redirect"
HTTP Request: HEAD https://huggingface.co/api/resolve-cache/models/sentence-transformers/all-MiniLM-L6-v2/1110a243fdf4706b3f48f1d95db1a4f5529b4d41/config.json?%2Fsentence-transformers%2Fall-MiniLM-L6-v2%2Fresolve%2Fmain%2Fconfig.json=&etag=%2272b987fd805cfa2b58c4c8c952b274a11bfd5a00%22 "HTTP/1.1 200 OK"
HTTP Request: HEAD https://huggingface.co/sentence-transformers/all-MiniLM-L6-v2/resolve/main/config.json "HTTP/1.1 307 Temporary Redirect"
HTTP Request: HEAD https://huggingface.co/api/resolve-cache/models/sentence-transformers/all-MiniLM-L6-v2/1110a243fdf4706b3f48f1d95db1a4f5529b4d41/config.json?%2Fsentence-transformers%2Fall-MiniLM-L6-v2%2Fresolve%2Fmain%2Fconfig.json=&etag=%2272b987fd805cfa2b58c4c8c952b274a11bfd5a00%22 "HTTP/1.1 200 OK"
HTTP Request: HEAD https://huggingface.co/sentence-transformers/all-MiniLM-L6-v2/resolve/main/tokenizer_config.json "HTTP/1.1 307 Temporary Redirect"
HTTP Request: HEAD https://huggingface.co/api/resolve-cache/models/sentence-transformers/all-MiniLM-L6-v2/1110a243fdf4706b3f48f1d95db1a4f5529b4d41/tokenizer_config.json?%2Fsentence-transformers%2Fall-MiniLM-L6-v2%2Fresolve%2Fmain%2Ftokenizer_config.json=&etag=%22c79f2b6a0cea6f4b564fed1938984bace9d30ff0%22 "HTTP/1.1 200 OK"
HTTP Request: GET https://huggingface.co/api/models/sentence-transformers/all-MiniLM-L6-v2/tree/main/additional_chat_templates?recursive=false&expand=false "HTTP/1.1 404 Not Found"
HTTP Request: GET https://huggingface.co/api/models/sentence-transformers/all-MiniLM-L6-v2/tree/main?recursive=true&expand=false "HTTP/1.1 200 OK"
HTTP Request: HEAD https://huggingface.co/sentence-transformers/all-MiniLM-L6-v2/resolve/main/1_Pooling/config.json "HTTP/1.1 307 Temporary Redirect"
HTTP Request: HEAD https://huggingface.co/api/resolve-cache/models/sentence-transformers/all-MiniLM-L6-v2/1110a243fdf4706b3f48f1d95db1a4f5529b4d41/1_Pooling%2Fconfig.json?%2Fsentence-transformers%2Fall-MiniLM-L6-v2%2Fresolve%2Fmain%2F1_Pooling%2Fconfig.json=&etag=%22d1514c3162bbe87b343f565fadc62e6c06f04f03%22 "HTTP/1.1 200 OK"
HTTP Request: HEAD https://huggingface.co/sentence-transformers/all-MiniLM-L6-v2/resolve/main/2_Normalize/config.json "HTTP/1.1 404 Not Found"
HTTP Request: GET https://huggingface.co/api/models/sentence-transformers/all-MiniLM-L6-v2 "HTTP/1.1 200 OK"
HTTP Request: GET https://huggingface.co/api/models/urchade/gliner_small-v2.1/revision/main "HTTP/1.1 200 OK"
Loading the following GLiNER type: <class 'gliner.model.UniEncoderSpanGLiNER'>...
HTTP Request: HEAD https://huggingface.co/microsoft/deberta-v3-small/resolve/main/config.json "HTTP/1.1 307 Temporary Redirect"
HTTP Request: HEAD https://huggingface.co/api/resolve-cache/models/microsoft/deberta-v3-small/a36c739020e01763fe789b4b85e2df55d6180012/config.json?%2Fmicrosoft%2Fdeberta-v3-small%2Fresolve%2Fmain%2Fconfig.json=&etag=%222d87b358d3c6430b530c793f80aaf091c6dac170%22 "HTTP/1.1 200 OK"
HTTP Request: HEAD https://huggingface.co/microsoft/deberta-v3-small/resolve/main/tokenizer_config.json "HTTP/1.1 307 Temporary Redirect"
HTTP Request: HEAD https://huggingface.co/api/resolve-cache/models/microsoft/deberta-v3-small/a36c739020e01763fe789b4b85e2df55d6180012/tokenizer_config.json?%2Fmicrosoft%2Fdeberta-v3-small%2Fresolve%2Fmain%2Ftokenizer_config.json=&etag=%22acfd94e399c5659e4bed75f91b4ee24b111fc7a6%22 "HTTP/1.1 200 OK"
HTTP Request: GET https://huggingface.co/api/models/microsoft/deberta-v3-small/tree/main/additional_chat_templates?recursive=false&expand=false "HTTP/1.1 404 Not Found"
HTTP Request: GET https://huggingface.co/api/models/microsoft/deberta-v3-small/tree/main?recursive=true&expand=false "HTTP/1.1 200 OK"
HTTP Request: GET https://huggingface.co/api/models/urchade/gliner_small-v2.1/revision/main "HTTP/1.1 200 OK"
Loading the following GLiNER type: <class 'gliner.model.UniEncoderSpanGLiNER'>...
HTTP Request: HEAD https://huggingface.co/microsoft/deberta-v3-small/resolve/main/config.json "HTTP/1.1 307 Temporary Redirect"
HTTP Request: HEAD https://huggingface.co/api/resolve-cache/models/microsoft/deberta-v3-small/a36c739020e01763fe789b4b85e2df55d6180012/config.json?%2Fmicrosoft%2Fdeberta-v3-small%2Fresolve%2Fmain%2Fconfig.json=&etag=%222d87b358d3c6430b530c793f80aaf091c6dac170%22 "HTTP/1.1 200 OK"
HTTP Request: HEAD https://huggingface.co/microsoft/deberta-v3-small/resolve/main/tokenizer_config.json "HTTP/1.1 307 Temporary Redirect"
HTTP Request: HEAD https://huggingface.co/api/resolve-cache/models/microsoft/deberta-v3-small/a36c739020e01763fe789b4b85e2df55d6180012/tokenizer_config.json?%2Fmicrosoft%2Fdeberta-v3-small%2Fresolve%2Fmain%2Ftokenizer_config.json=&etag=%22acfd94e399c5659e4bed75f91b4ee24b111fc7a6%22 "HTTP/1.1 200 OK"
HTTP Request: GET https://huggingface.co/api/models/microsoft/deberta-v3-small/tree/main/additional_chat_templates?recursive=false&expand=false "HTTP/1.1 404 Not Found"
HTTP Request: GET https://huggingface.co/api/models/microsoft/deberta-v3-small/tree/main?recursive=true&expand=false "HTTP/1.1 200 OK"
HTTP Request: HEAD https://huggingface.co/distil-whisper/distil-small.en/resolve/main/config.json "HTTP/1.1 307 Temporary Redirect"
Warning: You are sending unauthenticated requests to the HF Hub. Please set a HF_TOKEN to enable higher rate limits and faster downloads.
HTTP Request: HEAD https://huggingface.co/api/resolve-cache/models/distil-whisper/distil-small.en/9e4a67ca4569c30be43a3fe7fba1621e504f0093/config.json?%2Fdistil-whisper%2Fdistil-small.en%2Fresolve%2Fmain%2Fconfig.json=&etag=%22515a3df5f273c89be144ce85aea02a73ac8867ca%22 "HTTP/1.1 200 OK"
HTTP Request: HEAD https://huggingface.co/distil-whisper/distil-small.en/resolve/main/generation_config.json "HTTP/1.1 307 Temporary Redirect"
HTTP Request: HEAD https://huggingface.co/api/resolve-cache/models/distil-whisper/distil-small.en/9e4a67ca4569c30be43a3fe7fba1621e504f0093/generation_config.json?%2Fdistil-whisper%2Fdistil-small.en%2Fresolve%2Fmain%2Fgeneration_config.json=&etag=%22f144e2deb25fb8c4597256428fdff70a1f5ee840%22 "HTTP/1.1 200 OK"
HTTP Request: GET https://huggingface.co/api/models/distil-whisper/distil-small.en/tree/main/additional_chat_templates?recursive=false&expand=false "HTTP/1.1 404 Not Found"
HTTP Request: GET https://huggingface.co/api/models/distil-whisper/distil-small.en/tree/main?recursive=true&expand=false "HTTP/1.1 200 OK"
HTTP Request: HEAD https://huggingface.co/distil-whisper/distil-small.en/resolve/main/processor_config.json "HTTP/1.1 404 Not Found"
HTTP Request: HEAD https://huggingface.co/distil-whisper/distil-small.en/resolve/main/preprocessor_config.json "HTTP/1.1 307 Temporary Redirect"
HTTP Request: HEAD https://huggingface.co/api/resolve-cache/models/distil-whisper/distil-small.en/9e4a67ca4569c30be43a3fe7fba1621e504f0093/preprocessor_config.json?%2Fdistil-whisper%2Fdistil-small.en%2Fresolve%2Fmain%2Fpreprocessor_config.json=&etag=%2291876762a536a746d268353c5cba57286e76b058%22 "HTTP/1.1 200 OK"
HTTP Request: HEAD https://huggingface.co/distil-whisper/distil-small.en/resolve/main/processor_config.json "HTTP/1.1 404 Not Found"
HTTP Request: HEAD https://huggingface.co/distil-whisper/distil-small.en/resolve/main/preprocessor_config.json "HTTP/1.1 307 Temporary Redirect"
HTTP Request: HEAD https://huggingface.co/api/resolve-cache/models/distil-whisper/distil-small.en/9e4a67ca4569c30be43a3fe7fba1621e504f0093/preprocessor_config.json?%2Fdistil-whisper%2Fdistil-small.en%2Fresolve%2Fmain%2Fpreprocessor_config.json=&etag=%2291876762a536a746d268353c5cba57286e76b058%22 "HTTP/1.1 200 OK"
HTTP Request: HEAD https://huggingface.co/distil-whisper/distil-small.en/resolve/main/processor_config.json "HTTP/1.1 404 Not Found"
HTTP Request: HEAD https://huggingface.co/distil-whisper/distil-small.en/resolve/main/preprocessor_config.json "HTTP/1.1 307 Temporary Redirect"
HTTP Request: HEAD https://huggingface.co/api/resolve-cache/models/distil-whisper/distil-small.en/9e4a67ca4569c30be43a3fe7fba1621e504f0093/preprocessor_config.json?%2Fdistil-whisper%2Fdistil-small.en%2Fresolve%2Fmain%2Fpreprocessor_config.json=&etag=%2291876762a536a746d268353c5cba57286e76b058%22 "HTTP/1.1 200 OK"
HTTP Request: HEAD https://huggingface.co/distil-whisper/distil-small.en/resolve/main/processor_config.json "HTTP/1.1 404 Not Found"
HTTP Request: HEAD https://huggingface.co/distil-whisper/distil-small.en/resolve/main/video_preprocessor_config.json "HTTP/1.1 404 Not Found"
HTTP Request: HEAD https://huggingface.co/distil-whisper/distil-small.en/resolve/main/preprocessor_config.json "HTTP/1.1 307 Temporary Redirect"
HTTP Request: HEAD https://huggingface.co/api/resolve-cache/models/distil-whisper/distil-small.en/9e4a67ca4569c30be43a3fe7fba1621e504f0093/preprocessor_config.json?%2Fdistil-whisper%2Fdistil-small.en%2Fresolve%2Fmain%2Fpreprocessor_config.json=&etag=%2291876762a536a746d268353c5cba57286e76b058%22 "HTTP/1.1 200 OK"
HTTP Request: HEAD https://huggingface.co/sentence-transformers/all-MiniLM-L6-v2/resolve/main/modules.json "HTTP/1.1 307 Temporary Redirect"
HTTP Request: HEAD https://huggingface.co/api/resolve-cache/models/sentence-transformers/all-MiniLM-L6-v2/1110a243fdf4706b3f48f1d95db1a4f5529b4d41/modules.json?%2Fsentence-transformers%2Fall-MiniLM-L6-v2%2Fresolve%2Fmain%2Fmodules.json=&etag=%22952a9b81c0bfd99800fabf352f69c7ccd46c5e43%22 "HTTP/1.1 200 OK"
HTTP Request: HEAD https://huggingface.co/sentence-transformers/all-MiniLM-L6-v2/resolve/main/config_sentence_transformers.json "HTTP/1.1 307 Temporary Redirect"
HTTP Request: HEAD https://huggingface.co/api/resolve-cache/models/sentence-transformers/all-MiniLM-L6-v2/1110a243fdf4706b3f48f1d95db1a4f5529b4d41/config_sentence_transformers.json?%2Fsentence-transformers%2Fall-MiniLM-L6-v2%2Fresolve%2Fmain%2Fconfig_sentence_transformers.json=&etag=%22fd1b291129c607e5d49799f87cb219b27f98acdf%22 "HTTP/1.1 200 OK"
Loading SentenceTransformer model from sentence-transformers/all-MiniLM-L6-v2.
HTTP Request: HEAD https://huggingface.co/sentence-transformers/all-MiniLM-L6-v2/resolve/main/config_sentence_transformers.json "HTTP/1.1 307 Temporary Redirect"
HTTP Request: HEAD https://huggingface.co/api/resolve-cache/models/sentence-transformers/all-MiniLM-L6-v2/1110a243fdf4706b3f48f1d95db1a4f5529b4d41/config_sentence_transformers.json?%2Fsentence-transformers%2Fall-MiniLM-L6-v2%2Fresolve%2Fmain%2Fconfig_sentence_transformers.json=&etag=%22fd1b291129c607e5d49799f87cb219b27f98acdf%22 "HTTP/1.1 200 OK"
HTTP Request: HEAD https://huggingface.co/sentence-transformers/all-MiniLM-L6-v2/resolve/main/README.md "HTTP/1.1 307 Temporary Redirect"
HTTP Request: HEAD https://huggingface.co/api/resolve-cache/models/sentence-transformers/all-MiniLM-L6-v2/1110a243fdf4706b3f48f1d95db1a4f5529b4d41/README.md?%2Fsentence-transformers%2Fall-MiniLM-L6-v2%2Fresolve%2Fmain%2FREADME.md=&etag=%2244af2e3b0fa3a0b6239e48422972bf755f28fde0%22 "HTTP/1.1 200 OK"
HTTP Request: HEAD https://huggingface.co/sentence-transformers/all-MiniLM-L6-v2/resolve/main/modules.json "HTTP/1.1 307 Temporary Redirect"
HTTP Request: HEAD https://huggingface.co/api/resolve-cache/models/sentence-transformers/all-MiniLM-L6-v2/1110a243fdf4706b3f48f1d95db1a4f5529b4d41/modules.json?%2Fsentence-transformers%2Fall-MiniLM-L6-v2%2Fresolve%2Fmain%2Fmodules.json=&etag=%22952a9b81c0bfd99800fabf352f69c7ccd46c5e43%22 "HTTP/1.1 200 OK"
HTTP Request: HEAD https://huggingface.co/sentence-transformers/all-MiniLM-L6-v2/resolve/main/sentence_bert_config.json "HTTP/1.1 307 Temporary Redirect"
HTTP Request: HEAD https://huggingface.co/api/resolve-cache/models/sentence-transformers/all-MiniLM-L6-v2/1110a243fdf4706b3f48f1d95db1a4f5529b4d41/sentence_bert_config.json?%2Fsentence-transformers%2Fall-MiniLM-L6-v2%2Fresolve%2Fmain%2Fsentence_bert_config.json=&etag=%2259d594003bf59880a884c574bf88ef7555bb0202%22 "HTTP/1.1 200 OK"
HTTP Request: HEAD https://huggingface.co/sentence-transformers/all-MiniLM-L6-v2/resolve/main/adapter_config.json "HTTP/1.1 404 Not Found"
HTTP Request: HEAD https://huggingface.co/sentence-transformers/all-MiniLM-L6-v2/resolve/main/config.json "HTTP/1.1 307 Temporary Redirect"
HTTP Request: HEAD https://huggingface.co/api/resolve-cache/models/sentence-transformers/all-MiniLM-L6-v2/1110a243fdf4706b3f48f1d95db1a4f5529b4d41/config.json?%2Fsentence-transformers%2Fall-MiniLM-L6-v2%2Fresolve%2Fmain%2Fconfig.json=&etag=%2272b987fd805cfa2b58c4c8c952b274a11bfd5a00%22 "HTTP/1.1 200 OK"
HTTP Request: HEAD https://huggingface.co/sentence-transformers/all-MiniLM-L6-v2/resolve/main/processor_config.json "HTTP/1.1 404 Not Found"
HTTP Request: HEAD https://huggingface.co/sentence-transformers/all-MiniLM-L6-v2/resolve/main/preprocessor_config.json "HTTP/1.1 404 Not Found"
HTTP Request: HEAD https://huggingface.co/sentence-transformers/all-MiniLM-L6-v2/resolve/main/video_preprocessor_config.json "HTTP/1.1 404 Not Found"
HTTP Request: HEAD https://huggingface.co/sentence-transformers/all-MiniLM-L6-v2/resolve/main/preprocessor_config.json "HTTP/1.1 404 Not Found"
HTTP Request: HEAD https://huggingface.co/sentence-transformers/all-MiniLM-L6-v2/resolve/main/tokenizer_config.json "HTTP/1.1 307 Temporary Redirect"
HTTP Request: HEAD https://huggingface.co/api/resolve-cache/models/sentence-transformers/all-MiniLM-L6-v2/1110a243fdf4706b3f48f1d95db1a4f5529b4d41/tokenizer_config.json?%2Fsentence-transformers%2Fall-MiniLM-L6-v2%2Fresolve%2Fmain%2Ftokenizer_config.json=&etag=%22c79f2b6a0cea6f4b564fed1938984bace9d30ff0%22 "HTTP/1.1 200 OK"
HTTP Request: HEAD https://huggingface.co/sentence-transformers/all-MiniLM-L6-v2/resolve/main/config.json "HTTP/1.1 307 Temporary Redirect"
HTTP Request: HEAD https://huggingface.co/api/resolve-cache/models/sentence-transformers/all-MiniLM-L6-v2/1110a243fdf4706b3f48f1d95db1a4f5529b4d41/config.json?%2Fsentence-transformers%2Fall-MiniLM-L6-v2%2Fresolve%2Fmain%2Fconfig.json=&etag=%2272b987fd805cfa2b58c4c8c952b274a11bfd5a00%22 "HTTP/1.1 200 OK"
HTTP Request: HEAD https://huggingface.co/sentence-transformers/all-MiniLM-L6-v2/resolve/main/config.json "HTTP/1.1 307 Temporary Redirect"
HTTP Request: HEAD https://huggingface.co/api/resolve-cache/models/sentence-transformers/all-MiniLM-L6-v2/1110a243fdf4706b3f48f1d95db1a4f5529b4d41/config.json?%2Fsentence-transformers%2Fall-MiniLM-L6-v2%2Fresolve%2Fmain%2Fconfig.json=&etag=%2272b987fd805cfa2b58c4c8c952b274a11bfd5a00%22 "HTTP/1.1 200 OK"
HTTP Request: HEAD https://huggingface.co/sentence-transformers/all-MiniLM-L6-v2/resolve/main/tokenizer_config.json "HTTP/1.1 307 Temporary Redirect"
HTTP Request: HEAD https://huggingface.co/api/resolve-cache/models/sentence-transformers/all-MiniLM-L6-v2/1110a243fdf4706b3f48f1d95db1a4f5529b4d41/tokenizer_config.json?%2Fsentence-transformers%2Fall-MiniLM-L6-v2%2Fresolve%2Fmain%2Ftokenizer_config.json=&etag=%22c79f2b6a0cea6f4b564fed1938984bace9d30ff0%22 "HTTP/1.1 200 OK"
HTTP Request: GET https://huggingface.co/api/models/sentence-transformers/all-MiniLM-L6-v2/tree/main/additional_chat_templates?recursive=false&expand=false "HTTP/1.1 404 Not Found"
HTTP Request: GET https://huggingface.co/api/models/sentence-transformers/all-MiniLM-L6-v2/tree/main?recursive=true&expand=false "HTTP/1.1 200 OK"
HTTP Request: HEAD https://huggingface.co/sentence-transformers/all-MiniLM-L6-v2/resolve/main/1_Pooling/config.json "HTTP/1.1 307 Temporary Redirect"
HTTP Request: HEAD https://huggingface.co/api/resolve-cache/models/sentence-transformers/all-MiniLM-L6-v2/1110a243fdf4706b3f48f1d95db1a4f5529b4d41/1_Pooling%2Fconfig.json?%2Fsentence-transformers%2Fall-MiniLM-L6-v2%2Fresolve%2Fmain%2F1_Pooling%2Fconfig.json=&etag=%22d1514c3162bbe87b343f565fadc62e6c06f04f03%22 "HTTP/1.1 200 OK"
HTTP Request: HEAD https://huggingface.co/sentence-transformers/all-MiniLM-L6-v2/resolve/main/2_Normalize/config.json "HTTP/1.1 404 Not Found"
HTTP Request: GET https://huggingface.co/api/models/sentence-transformers/all-MiniLM-L6-v2 "HTTP/1.1 200 OK"
HTTP Request: GET https://huggingface.co/api/models/urchade/gliner_small-v2.1/revision/main "HTTP/1.1 200 OK"
Loading the following GLiNER type: <class 'gliner.model.UniEncoderSpanGLiNER'>...
HTTP Request: HEAD https://huggingface.co/microsoft/deberta-v3-small/resolve/main/config.json "HTTP/1.1 307 Temporary Redirect"
HTTP Request: HEAD https://huggingface.co/api/resolve-cache/models/microsoft/deberta-v3-small/a36c739020e01763fe789b4b85e2df55d6180012/config.json?%2Fmicrosoft%2Fdeberta-v3-small%2Fresolve%2Fmain%2Fconfig.json=&etag=%222d87b358d3c6430b530c793f80aaf091c6dac170%22 "HTTP/1.1 200 OK"
HTTP Request: HEAD https://huggingface.co/microsoft/deberta-v3-small/resolve/main/tokenizer_config.json "HTTP/1.1 307 Temporary Redirect"
HTTP Request: HEAD https://huggingface.co/api/resolve-cache/models/microsoft/deberta-v3-small/a36c739020e01763fe789b4b85e2df55d6180012/tokenizer_config.json?%2Fmicrosoft%2Fdeberta-v3-small%2Fresolve%2Fmain%2Ftokenizer_config.json=&etag=%22acfd94e399c5659e4bed75f91b4ee24b111fc7a6%22 "HTTP/1.1 200 OK"
HTTP Request: GET https://huggingface.co/api/models/microsoft/deberta-v3-small/tree/main/additional_chat_templates?recursive=false&expand=false "HTTP/1.1 404 Not Found"
HTTP Request: GET https://huggingface.co/api/models/microsoft/deberta-v3-small/tree/main?recursive=true&expand=false "HTTP/1.1 200 OK"
HTTP Request: GET https://huggingface.co/api/models/microsoft/deberta-v3-small "HTTP/1.1 200 OK"
HTTP Request: HEAD https://huggingface.co/microsoft/deberta-v3-small/resolve/main/config.json "HTTP/1.1 307 Temporary Redirect"
HTTP Request: HEAD https://huggingface.co/api/resolve-cache/models/microsoft/deberta-v3-small/a36c739020e01763fe789b4b85e2df55d6180012/config.json?%2Fmicrosoft%2Fdeberta-v3-small%2Fresolve%2Fmain%2Fconfig.json=&etag=%222d87b358d3c6430b530c793f80aaf091c6dac170%22 "HTTP/1.1 200 OK"
